// Vitest Snapshot v1, https://vitest.dev/guide/snapshot.html

exports[`renderReport > 고정 입력 → 고정 출력 (스냅샷) 1`] = `
"# [컨설팅 리포트] AI 반려식물 관리 서비스

> 입력 아이디어: AI가 반려식물 상태를 진단하고 관리 일정을 챙겨주는 서비스

## 1. 실시간 시장 맥락 (Market Context)

*   **수집된 유사/경쟁 서비스 현황:**
    *   [트렌드] 홈가드닝 시장 성장
    *   [트렌드] 식물 집사 커뮤니티 확산
    *   [경쟁] **Planta** — 식물 관리 앱 (https://getplanta.com · 가격: 월 4.99달러)
    *   [경쟁] **PictureThis** — 식물 식별 앱
    *   [출처] https://example.com/trend
*   **YouTube/커뮤니티 내 타겟 유저의 실제 목소리:**
    *   [페인포인트 근거] 물주기 실패로 식물을 죽인 경험이 반복된다

> "물주기 타이밍을 늘 놓쳐요"
> — 식물 키우기 실패담 (https://youtube.com/watch?v=abc, 좋아요 12)

> "앱 알림은 결국 다 꺼버리게 되더라고요"
> — 반려식물 브이로그 (https://youtube.com/watch?v=def)

## 2. 냉정한 현실 인식 및 비판 (Cold Criticism)

> [경고] 본 아이디어가 실패할 확률이 높은 구조적 이유를 나열합니다.

*   **페인포인트의 허구성:**
    *   **[MAJOR]** 페인포인트가 약하다 — 근거: 댓글 '물주기 타이밍을 늘 놓쳐요'는 불편이지 지불 동기가 아니다
*   **수익 모델(BM)의 취약성:**
    *   **[FATAL]** 지불 의사가 낮다 — 근거: Planta가 월 4.99달러에 동일 기능을 제공한다
*   **카피캣 리스크:**
    *   **[MINOR]** 진입장벽이 없다 — 근거: PictureThis가 기능 추가로 즉시 대응 가능하다

**최종 평결:** 현재 형태로는 실패 확률이 높다

## 3. AI 네이티브 관점의 해결책 (Solution Architecture)

**재설계된 컨셉:** 제로 UI 식물 집사 — fatal 비판(지불 의사)에 보장형 과금으로 대응한다

### ① 데이터 수집 및 최소 입력 구조 (Minimal Input)

사진 한 장으로 진단을 시작한다

### ② 에이전틱 워크플로우 (Agentic Workflow)

에이전트가 관리 일정을 자동 생성하고 백그라운드에서 갱신한다

### ③ 독점적 데이터 플라이휠 (Data Flywheel)

가정별 생육 환경·실패 이력 데이터를 축적한다

## 4. 지속 가능한 비즈니스 모델 (Monetization Model)

식물 생존 보장형 구독 모델
"
`;
